/workspaces/Deepray2/deepray/utils/ensure_tf_install.py:53: UserWarning: Tensorflow Addons supports using Python ops for all Tensorflow versions above or equal to 2.10.0 and strictly below 2.13.0 (nightly versions are not supported). 
 The versions of TensorFlow you are currently using is 2.9.3 and is not supported. 
Some things might work, some things might not.
If you were to encounter a bug, do not file an issue.
If you want to make sure you're using a tested and supported configuration, either change the TensorFlow version or the Deepray's version. 
You can find the compatibility matrix in TensorFlow Addon's readme:
https://github.com/tensorflow/addons
  warnings.warn(
/workspaces/Deepray2/examples/LanguageModeling/BERT/run_squad.py:468: UserWarning: Flag --model_dir has a non-None default value; therefore, mark_flag_as_required will pass even if flag is not specified in the command line!
  flags.mark_flag_as_required('model_dir')
I0615 13:09:05.659566 140041562986304 distribution_utils.py:137] Run horovod and turn off distribution strategy.
/workspaces/Deepray2/deepray/utils/ensure_tf_install.py:53: UserWarning: Tensorflow Addons supports using Python ops for all Tensorflow versions above or equal to 2.10.0 and strictly below 2.13.0 (nightly versions are not supported). 
 The versions of TensorFlow you are currently using is 2.9.3 and is not supported. 
Some things might work, some things might not.
If you were to encounter a bug, do not file an issue.
If you want to make sure you're using a tested and supported configuration, either change the TensorFlow version or the Deepray's version. 
You can find the compatibility matrix in TensorFlow Addon's readme:
https://github.com/tensorflow/addons
  warnings.warn(
/workspaces/Deepray2/examples/LanguageModeling/BERT/run_squad.py:468: UserWarning: Flag --model_dir has a non-None default value; therefore, mark_flag_as_required will pass even if flag is not specified in the command line!
  flags.mark_flag_as_required('model_dir')
I0615 13:09:05.664320 140627418781504 distribution_utils.py:137] Run horovod and turn off distribution strategy.
/workspaces/Deepray2/deepray/utils/ensure_tf_install.py:53: UserWarning: Tensorflow Addons supports using Python ops for all Tensorflow versions above or equal to 2.10.0 and strictly below 2.13.0 (nightly versions are not supported). 
 The versions of TensorFlow you are currently using is 2.9.3 and is not supported. 
Some things might work, some things might not.
If you were to encounter a bug, do not file an issue.
If you want to make sure you're using a tested and supported configuration, either change the TensorFlow version or the Deepray's version. 
You can find the compatibility matrix in TensorFlow Addon's readme:
https://github.com/tensorflow/addons
  warnings.warn(
/workspaces/Deepray2/examples/LanguageModeling/BERT/run_squad.py:468: UserWarning: Flag --model_dir has a non-None default value; therefore, mark_flag_as_required will pass even if flag is not specified in the command line!
  flags.mark_flag_as_required('model_dir')
I0615 13:09:05.671956 140110035396416 distribution_utils.py:137] Run horovod and turn off distribution strategy.
/workspaces/Deepray2/deepray/utils/ensure_tf_install.py:53: UserWarning: Tensorflow Addons supports using Python ops for all Tensorflow versions above or equal to 2.10.0 and strictly below 2.13.0 (nightly versions are not supported). 
 The versions of TensorFlow you are currently using is 2.9.3 and is not supported. 
Some things might work, some things might not.
If you were to encounter a bug, do not file an issue.
If you want to make sure you're using a tested and supported configuration, either change the TensorFlow version or the Deepray's version. 
You can find the compatibility matrix in TensorFlow Addon's readme:
https://github.com/tensorflow/addons
  warnings.warn(
/workspaces/Deepray2/examples/LanguageModeling/BERT/run_squad.py:468: UserWarning: Flag --model_dir has a non-None default value; therefore, mark_flag_as_required will pass even if flag is not specified in the command line!
  flags.mark_flag_as_required('model_dir')
I0615 13:09:05.673041 140468358596416 distribution_utils.py:137] Run horovod and turn off distribution strategy.
2023-06-15 13:09:05.675118: I tensorflow/core/platform/cpu_feature_guard.cc:193] This TensorFlow binary is optimized with oneAPI Deep Neural Network Library (oneDNN) to use the following CPU instructions in performance-critical operations:  AVX2 AVX512F FMA
To enable them in other operations, rebuild TensorFlow with the appropriate compiler flags.
2023-06-15 13:09:05.679644: I tensorflow/core/platform/cpu_feature_guard.cc:193] This TensorFlow binary is optimized with oneAPI Deep Neural Network Library (oneDNN) to use the following CPU instructions in performance-critical operations:  AVX2 AVX512F FMA
To enable them in other operations, rebuild TensorFlow with the appropriate compiler flags.
2023-06-15 13:09:05.687002: I tensorflow/core/platform/cpu_feature_guard.cc:193] This TensorFlow binary is optimized with oneAPI Deep Neural Network Library (oneDNN) to use the following CPU instructions in performance-critical operations:  AVX2 AVX512F FMA
To enable them in other operations, rebuild TensorFlow with the appropriate compiler flags.
2023-06-15 13:09:05.688179: I tensorflow/core/platform/cpu_feature_guard.cc:193] This TensorFlow binary is optimized with oneAPI Deep Neural Network Library (oneDNN) to use the following CPU instructions in performance-critical operations:  AVX2 AVX512F FMA
To enable them in other operations, rebuild TensorFlow with the appropriate compiler flags.
2023-06-15 13:09:07.142946: I tensorflow/core/common_runtime/gpu/gpu_device.cc:1532] Created device /job:localhost/replica:0/task:0/device:GPU:0 with 10505 MB memory:  -> device: 2, name: NVIDIA TITAN V, pci bus id: 0000:86:00.0, compute capability: 7.0
2023-06-15 13:09:07.154822: I tensorflow/core/common_runtime/gpu/gpu_device.cc:1532] Created device /job:localhost/replica:0/task:0/device:GPU:0 with 10505 MB memory:  -> device: 3, name: NVIDIA TITAN V, pci bus id: 0000:af:00.0, compute capability: 7.0
2023-06-15 13:09:07.155294: I tensorflow/core/common_runtime/gpu/gpu_device.cc:1532] Created device /job:localhost/replica:0/task:0/device:GPU:0 with 10505 MB memory:  -> device: 1, name: NVIDIA TITAN V, pci bus id: 0000:3b:00.0, compute capability: 7.0
2023-06-15 13:09:07.159216: I tensorflow/core/common_runtime/gpu/gpu_device.cc:1532] Created device /job:localhost/replica:0/task:0/device:GPU:0 with 10505 MB memory:  -> device: 0, name: NVIDIA TITAN V, pci bus id: 0000:18:00.0, compute capability: 7.0
I0615 13:09:12.146109 140110035396416 feature_map.py:34] File not exists: /workspaces/Deepray2/business/data/feature_map.csv
I0615 13:09:12.173238 140627418781504 feature_map.py:34] File not exists: /workspaces/Deepray2/business/data/feature_map.csv
I0615 13:09:12.392804 140468358596416 feature_map.py:34] File not exists: /workspaces/Deepray2/business/data/feature_map.csv
I0615 13:09:12.668849 140110035396416 distribution_utils.py:137] Run horovod and turn off distribution strategy.
decayed_learning_rate_at_crossover_point = 1.890000e-04, adjusted_init_lr = 2.116402e-04
I0615 13:09:12.677958 140110035396416 base_trainer.py:331] Checkpoint file /workspaces/bert_tf2/data/download/google_pretrained_weights/uncased_L-12_H-768_A-12/bert_model.ckpt found and restoring from initial checkpoint for core model.
I0615 13:09:12.694365 140627418781504 distribution_utils.py:137] Run horovod and turn off distribution strategy.
I0615 13:09:12.694616 140627418781504 base_trainer.py:227]  20230615 13:09:12 Initialize training
I0615 13:09:12.694701 140627418781504 base_trainer.py:229] 	tf.app.flags.FLAGS:
I0615 13:09:12.694992 140627418781504 base_trainer.py:231] 	?                        = False
I0615 13:09:12.695081 140627418781504 base_trainer.py:231] 	alsologtostderr          = False
I0615 13:09:12.695153 140627418781504 base_trainer.py:231] 	aux_mlp_dims             = ['100', '50']
I0615 13:09:12.695231 140627418781504 base_trainer.py:231] 	batch_size               = 8
I0615 13:09:12.695309 140627418781504 base_trainer.py:231] 	benchmark                = True
I0615 13:09:12.695387 140627418781504 base_trainer.py:231] 	benchmark_log_dir        = None
I0615 13:09:12.695465 140627418781504 base_trainer.py:231] 	benchmark_logger_type    = BaseBenchmarkLogger
I0615 13:09:12.695543 140627418781504 base_trainer.py:231] 	benchmark_test_id        = None
I0615 13:09:12.695619 140627418781504 base_trainer.py:231] 	black_list               = None
I0615 13:09:12.695695 140627418781504 base_trainer.py:231] 	clean                    = False
I0615 13:09:12.695770 140627418781504 base_trainer.py:231] 	conf_file                = /workspaces/Deepray2/conf/dp.yaml
I0615 13:09:12.695845 140627418781504 base_trainer.py:231] 	config_file              = /workspaces/bert_tf2/data/download/google_pretrained_weights/uncased_L-12_H-768_A-12/bert_config.json
I0615 13:09:12.695921 140627418781504 base_trainer.py:231] 	data_dir                 = /tmp/movielens-data/
I0615 13:09:12.695997 140627418781504 base_trainer.py:231] 	dataset                  = None
I0615 13:09:12.696073 140627418781504 base_trainer.py:231] 	date                     = 2023-06-14
I0615 13:09:12.696149 140627418781504 base_trainer.py:231] 	distribution_strategy    = mirrored
I0615 13:09:12.696224 140627418781504 base_trainer.py:231] 	dllog_path               = deepray_dllogger.json
I0615 13:09:12.696302 140627418781504 base_trainer.py:231] 	do_lower_case            = True
I0615 13:09:12.696378 140627418781504 base_trainer.py:231] 	download_if_missing      = True
I0615 13:09:12.696459 140627418781504 base_trainer.py:231] 	dropout_rate             = -1.0
I0615 13:09:12.696543 140627418781504 base_trainer.py:231] 	dtype                    = fp16
I0615 13:09:12.696621 140627418781504 base_trainer.py:231] 	embedding_dim            = 16
I0615 13:09:12.696697 140627418781504 base_trainer.py:231] 	enable_xla               = True
I0615 13:09:12.696774 140627418781504 base_trainer.py:231] 	end_date                 = None
I0615 13:09:12.696850 140627418781504 base_trainer.py:231] 	epochs                   = 1
I0615 13:09:12.696926 140627418781504 base_trainer.py:231] 	eval_batch_size          = None
I0615 13:09:12.697002 140627418781504 base_trainer.py:231] 	eval_script              = None
I0615 13:09:12.697078 140627418781504 base_trainer.py:231] 	feature_map              = /workspaces/Deepray2/business/data/feature_map.csv
I0615 13:09:12.697154 140627418781504 base_trainer.py:231] 	fine_tune                = None
I0615 13:09:12.697229 140627418781504 base_trainer.py:231] 	fp16_implementation      = keras
I0615 13:09:12.697306 140627418781504 base_trainer.py:231] 	h                        = False
I0615 13:09:12.697382 140627418781504 base_trainer.py:231] 	hbm_oom_exit             = True
I0615 13:09:12.697458 140627418781504 base_trainer.py:231] 	help                     = False
I0615 13:09:12.697533 140627418781504 base_trainer.py:231] 	helpfull                 = False
I0615 13:09:12.697609 140627418781504 base_trainer.py:231] 	helpshort                = False
I0615 13:09:12.697686 140627418781504 base_trainer.py:231] 	helpxml                  = False
I0615 13:09:12.697762 140627418781504 base_trainer.py:231] 	hub_module_url           = None
I0615 13:09:12.697838 140627418781504 base_trainer.py:231] 	init_checkpoint          = /workspaces/bert_tf2/data/download/google_pretrained_weights/uncased_L-12_H-768_A-12/bert_model.ckpt
I0615 13:09:12.697913 140627418781504 base_trainer.py:231] 	init_weights             = 
I0615 13:09:12.697989 140627418781504 base_trainer.py:231] 	input_meta_data_path     = /workspaces/bert_tf2/data/download/squad/v1.1/squad_v1.1_meta_data
I0615 13:09:12.698064 140627418781504 base_trainer.py:231] 	interleave_block         = 2
I0615 13:09:12.698139 140627418781504 base_trainer.py:231] 	interleave_cycle         = 16
I0615 13:09:12.698215 140627418781504 base_trainer.py:231] 	keras_use_ctl            = True
I0615 13:09:12.698292 140627418781504 base_trainer.py:231] 	label                    = []
I0615 13:09:12.698375 140627418781504 base_trainer.py:231] 	learning_rate            = 5e-05
I0615 13:09:12.698452 140627418781504 base_trainer.py:231] 	log_dir                  = 
I0615 13:09:12.698528 140627418781504 base_trainer.py:231] 	log_steps                = 100
I0615 13:09:12.698605 140627418781504 base_trainer.py:231] 	logger_levels            = {}
I0615 13:09:12.698683 140627418781504 base_trainer.py:231] 	logtostderr              = False
I0615 13:09:12.698759 140627418781504 base_trainer.py:231] 	loss_scale               = None
I0615 13:09:12.698835 140627418781504 base_trainer.py:231] 	max_answer_length        = 30
I0615 13:09:12.698911 140627418781504 base_trainer.py:231] 	max_seq_length           = 128
I0615 13:09:12.698987 140627418781504 base_trainer.py:231] 	mode                     = train
I0615 13:09:12.699062 140627418781504 base_trainer.py:231] 	model_dir                = /tmp/bert_train_benchmark_230615130858
I0615 13:09:12.699139 140627418781504 base_trainer.py:231] 	model_export_path        = None
I0615 13:09:12.699214 140627418781504 base_trainer.py:231] 	model_type               = bert
I0615 13:09:12.699289 140627418781504 base_trainer.py:231] 	n_best_size              = 20
I0615 13:09:12.699367 140627418781504 base_trainer.py:231] 	neg_sample_rate          = 0.0
I0615 13:09:12.699442 140627418781504 base_trainer.py:231] 	num_accumulation_steps   = 5
I0615 13:09:12.699519 140627418781504 base_trainer.py:231] 	num_gpus                 = 0
I0615 13:09:12.699595 140627418781504 base_trainer.py:231] 	num_train_examples       = 88641
I0615 13:09:12.699671 140627418781504 base_trainer.py:231] 	num_valid_examples       = -1
I0615 13:09:12.699747 140627418781504 base_trainer.py:231] 	only_check_args          = False
I0615 13:09:12.699823 140627418781504 base_trainer.py:231] 	op_conversion_fallback_to_while_loop= True
I0615 13:09:12.699898 140627418781504 base_trainer.py:231] 	optimizer_type           = adam
I0615 13:09:12.699974 140627418781504 base_trainer.py:231] 	parallel_parse           = 48
I0615 13:09:12.700050 140627418781504 base_trainer.py:231] 	parallel_reads_per_file  = None
I0615 13:09:12.700125 140627418781504 base_trainer.py:231] 	pdb                      = False
I0615 13:09:12.700201 140627418781504 base_trainer.py:231] 	pdb_post_mortem          = False
I0615 13:09:12.700277 140627418781504 base_trainer.py:231] 	prebatch                 = 1
I0615 13:09:12.700352 140627418781504 base_trainer.py:231] 	predict_batch_size       = 8
I0615 13:09:12.700428 140627418781504 base_trainer.py:231] 	predict_file             = None
I0615 13:09:12.700505 140627418781504 base_trainer.py:231] 	prefetch_buffer          = 16
I0615 13:09:12.700596 140627418781504 base_trainer.py:231] 	profile_file             = None
I0615 13:09:12.700672 140627418781504 base_trainer.py:231] 	random_seed              = 12345
I0615 13:09:12.700749 140627418781504 base_trainer.py:231] 	restore_date             = None
I0615 13:09:12.700826 140627418781504 base_trainer.py:231] 	run_eagerly              = False
I0615 13:09:12.700902 140627418781504 base_trainer.py:231] 	run_with_pdb             = False
I0615 13:09:12.700978 140627418781504 base_trainer.py:231] 	run_with_profiling       = False
I0615 13:09:12.701055 140627418781504 base_trainer.py:231] 	runtime_oom_exit         = True
I0615 13:09:12.701131 140627418781504 base_trainer.py:231] 	save_checkpoint_steps    = 1000
I0615 13:09:12.701207 140627418781504 base_trainer.py:231] 	scale_loss               = False
I0615 13:09:12.701283 140627418781504 base_trainer.py:231] 	showprefixforinfo        = True
I0615 13:09:12.701359 140627418781504 base_trainer.py:231] 	shuffle_buffer           = None
I0615 13:09:12.701437 140627418781504 base_trainer.py:231] 	stage_one_mlp_dims       = ['200']
I0615 13:09:12.701514 140627418781504 base_trainer.py:231] 	stage_two_mlp_dims       = ['200', '80']
I0615 13:09:12.701576 140627418781504 base_trainer.py:231] 	start_date               = None
I0615 13:09:12.701640 140627418781504 base_trainer.py:231] 	stderrthreshold          = fatal
I0615 13:09:12.701718 140627418781504 base_trainer.py:231] 	steps_per_summary        = 200
I0615 13:09:12.701795 140627418781504 base_trainer.py:231] 	task_index               = -1
I0615 13:09:12.701872 140627418781504 base_trainer.py:231] 	test_random_seed         = 301
I0615 13:09:12.701948 140627418781504 base_trainer.py:231] 	test_randomize_ordering_seed= 
I0615 13:09:12.702024 140627418781504 base_trainer.py:231] 	test_srcdir              = 
I0615 13:09:12.702100 140627418781504 base_trainer.py:231] 	test_tmpdir              = /tmp/absl_testing
I0615 13:09:12.702177 140627418781504 base_trainer.py:231] 	tfhub_cache_dir          = None
I0615 13:09:12.702252 140627418781504 base_trainer.py:231] 	tfhub_model_load_format  = AUTO
I0615 13:09:12.702331 140627418781504 base_trainer.py:231] 	train_data               = ['/workspaces/bert_tf2/data/download/squad/v1.1/squad_v1.1_train.tf_record']
I0615 13:09:12.702407 140627418781504 base_trainer.py:231] 	use_cprofile_for_profiling= True
I0615 13:09:12.702482 140627418781504 base_trainer.py:231] 	use_dynamic_embedding    = False
I0615 13:09:12.702557 140627418781504 base_trainer.py:231] 	use_horovod              = True
I0615 13:09:12.702632 140627418781504 base_trainer.py:231] 	v                        = 0
I0615 13:09:12.702709 140627418781504 base_trainer.py:231] 	valid_data               = None
I0615 13:09:12.702784 140627418781504 base_trainer.py:231] 	verbose_logging          = False
I0615 13:09:12.702860 140627418781504 base_trainer.py:231] 	verbosity                = 0
I0615 13:09:12.702935 140627418781504 base_trainer.py:231] 	vocab_file               = /workspaces/bert_tf2/data/download/google_pretrained_weights/uncased_L-12_H-768_A-12/vocab.txt
I0615 13:09:12.703011 140627418781504 base_trainer.py:231] 	warmup_path              = None
I0615 13:09:12.703087 140627418781504 base_trainer.py:231] 	white_list               = None
I0615 13:09:12.703162 140627418781504 base_trainer.py:231] 	worker_hosts             = None
I0615 13:09:12.703238 140627418781504 base_trainer.py:231] 	xml_output_file          = 
decayed_learning_rate_at_crossover_point = 1.890000e-04, adjusted_init_lr = 2.116402e-04
I0615 13:09:12.713708 140627418781504 base_trainer.py:331] Checkpoint file /workspaces/bert_tf2/data/download/google_pretrained_weights/uncased_L-12_H-768_A-12/bert_model.ckpt found and restoring from initial checkpoint for core model.
WARNING:tensorflow:Inconsistent references when loading the checkpoint into this object graph. For example, in the saved checkpoint object, `model.layer.weight` and `model.layer_copy.weight` reference the same variable, while in the current object these are two different variables. The referenced variables are:(<deepray.layers.transformer.Transformer object at 0x7f6c90170dc0> and <deepray.layers.self_attention_mask.SelfAttentionMask object at 0x7f6c901ad2e0>).
W0615 13:09:12.745393 140110035396416 base.py:324] Inconsistent references when loading the checkpoint into this object graph. For example, in the saved checkpoint object, `model.layer.weight` and `model.layer_copy.weight` reference the same variable, while in the current object these are two different variables. The referenced variables are:(<deepray.layers.transformer.Transformer object at 0x7f6c90170dc0> and <deepray.layers.self_attention_mask.SelfAttentionMask object at 0x7f6c901ad2e0>).
WARNING:tensorflow:Inconsistent references when loading the checkpoint into this object graph. For example, in the saved checkpoint object, `model.layer.weight` and `model.layer_copy.weight` reference the same variable, while in the current object these are two different variables. The referenced variables are:(<deepray.layers.transformer.Transformer object at 0x7f6c90157e20> and <deepray.layers.transformer.Transformer object at 0x7f6c90170dc0>).
W0615 13:09:12.753170 140110035396416 base.py:324] Inconsistent references when loading the checkpoint into this object graph. For example, in the saved checkpoint object, `model.layer.weight` and `model.layer_copy.weight` reference the same variable, while in the current object these are two different variables. The referenced variables are:(<deepray.layers.transformer.Transformer object at 0x7f6c90157e20> and <deepray.layers.transformer.Transformer object at 0x7f6c90170dc0>).
WARNING:tensorflow:Inconsistent references when loading the checkpoint into this object graph. For example, in the saved checkpoint object, `model.layer.weight` and `model.layer_copy.weight` reference the same variable, while in the current object these are two different variables. The referenced variables are:(<deepray.layers.transformer.Transformer object at 0x7f6c90157580> and <deepray.layers.transformer.Transformer object at 0x7f6c90157e20>).
W0615 13:09:12.760884 140110035396416 base.py:324] Inconsistent references when loading the checkpoint into this object graph. For example, in the saved checkpoint object, `model.layer.weight` and `model.layer_copy.weight` reference the same variable, while in the current object these are two different variables. The referenced variables are:(<deepray.layers.transformer.Transformer object at 0x7f6c90157580> and <deepray.layers.transformer.Transformer object at 0x7f6c90157e20>).
WARNING:tensorflow:Inconsistent references when loading the checkpoint into this object graph. For example, in the saved checkpoint object, `model.layer.weight` and `model.layer_copy.weight` reference the same variable, while in the current object these are two different variables. The referenced variables are:(<deepray.layers.transformer.Transformer object at 0x7f6c901d3d00> and <deepray.layers.transformer.Transformer object at 0x7f6c90157580>).
W0615 13:09:12.768594 140110035396416 base.py:324] Inconsistent references when loading the checkpoint into this object graph. For example, in the saved checkpoint object, `model.layer.weight` and `model.layer_copy.weight` reference the same variable, while in the current object these are two different variables. The referenced variables are:(<deepray.layers.transformer.Transformer object at 0x7f6c901d3d00> and <deepray.layers.transformer.Transformer object at 0x7f6c90157580>).
WARNING:tensorflow:Inconsistent references when loading the checkpoint into this object graph. For example, in the saved checkpoint object, `model.layer.weight` and `model.layer_copy.weight` reference the same variable, while in the current object these are two different variables. The referenced variables are:(<deepray.layers.transformer.Transformer object at 0x7f6c30681130> and <deepray.layers.transformer.Transformer object at 0x7f6c901d3d00>).
W0615 13:09:12.776298 140110035396416 base.py:324] Inconsistent references when loading the checkpoint into this object graph. For example, in the saved checkpoint object, `model.layer.weight` and `model.layer_copy.weight` reference the same variable, while in the current object these are two different variables. The referenced variables are:(<deepray.layers.transformer.Transformer object at 0x7f6c30681130> and <deepray.layers.transformer.Transformer object at 0x7f6c901d3d00>).
WARNING:tensorflow:Inconsistent references when loading the checkpoint into this object graph. For example, in the saved checkpoint object, `model.layer.weight` and `model.layer_copy.weight` reference the same variable, while in the current object these are two different variables. The referenced variables are:(<deepray.layers.transformer.Transformer object at 0x7fe5000b2c40> and <deepray.layers.self_attention_mask.SelfAttentionMask object at 0x7fe50007e100>).
W0615 13:09:12.781444 140627418781504 base.py:324] Inconsistent references when loading the checkpoint into this object graph. For example, in the saved checkpoint object, `model.layer.weight` and `model.layer_copy.weight` reference the same variable, while in the current object these are two different variables. The referenced variables are:(<deepray.layers.transformer.Transformer object at 0x7fe5000b2c40> and <deepray.layers.self_attention_mask.SelfAttentionMask object at 0x7fe50007e100>).
WARNING:tensorflow:Inconsistent references when loading the checkpoint into this object graph. For example, in the saved checkpoint object, `model.layer.weight` and `model.layer_copy.weight` reference the same variable, while in the current object these are two different variables. The referenced variables are:(<deepray.layers.transformer.Transformer object at 0x7f6c305f3a60> and <deepray.layers.transformer.Transformer object at 0x7f6c30681130>).
W0615 13:09:12.784024 140110035396416 base.py:324] Inconsistent references when loading the checkpoint into this object graph. For example, in the saved checkpoint object, `model.layer.weight` and `model.layer_copy.weight` reference the same variable, while in the current object these are two different variables. The referenced variables are:(<deepray.layers.transformer.Transformer object at 0x7f6c305f3a60> and <deepray.layers.transformer.Transformer object at 0x7f6c30681130>).
WARNING:tensorflow:Inconsistent references when loading the checkpoint into this object graph. For example, in the saved checkpoint object, `model.layer.weight` and `model.layer_copy.weight` reference the same variable, while in the current object these are two different variables. The referenced variables are:(<deepray.layers.transformer.Transformer object at 0x7fe5000c97f0> and <deepray.layers.transformer.Transformer object at 0x7fe5000b2c40>).
W0615 13:09:12.789286 140627418781504 base.py:324] Inconsistent references when loading the checkpoint into this object graph. For example, in the saved checkpoint object, `model.layer.weight` and `model.layer_copy.weight` reference the same variable, while in the current object these are two different variables. The referenced variables are:(<deepray.layers.transformer.Transformer object at 0x7fe5000c97f0> and <deepray.layers.transformer.Transformer object at 0x7fe5000b2c40>).
WARNING:tensorflow:Inconsistent references when loading the checkpoint into this object graph. For example, in the saved checkpoint object, `model.layer.weight` and `model.layer_copy.weight` reference the same variable, while in the current object these are two different variables. The referenced variables are:(<deepray.layers.transformer.Transformer object at 0x7f6c901ddc70> and <deepray.layers.transformer.Transformer object at 0x7f6c305f3a60>).
W0615 13:09:12.791837 140110035396416 base.py:324] Inconsistent references when loading the checkpoint into this object graph. For example, in the saved checkpoint object, `model.layer.weight` and `model.layer_copy.weight` reference the same variable, while in the current object these are two different variables. The referenced variables are:(<deepray.layers.transformer.Transformer object at 0x7f6c901ddc70> and <deepray.layers.transformer.Transformer object at 0x7f6c305f3a60>).
WARNING:tensorflow:Inconsistent references when loading the checkpoint into this object graph. For example, in the saved checkpoint object, `model.layer.weight` and `model.layer_copy.weight` reference the same variable, while in the current object these are two different variables. The referenced variables are:(<deepray.layers.transformer.Transformer object at 0x7fe500033310> and <deepray.layers.transformer.Transformer object at 0x7fe5000c97f0>).
W0615 13:09:12.797431 140627418781504 base.py:324] Inconsistent references when loading the checkpoint into this object graph. For example, in the saved checkpoint object, `model.layer.weight` and `model.layer_copy.weight` reference the same variable, while in the current object these are two different variables. The referenced variables are:(<deepray.layers.transformer.Transformer object at 0x7fe500033310> and <deepray.layers.transformer.Transformer object at 0x7fe5000c97f0>).
WARNING:tensorflow:Inconsistent references when loading the checkpoint into this object graph. For example, in the saved checkpoint object, `model.layer.weight` and `model.layer_copy.weight` reference the same variable, while in the current object these are two different variables. The referenced variables are:(<deepray.layers.transformer.Transformer object at 0x7f6c305d0190> and <deepray.layers.transformer.Transformer object at 0x7f6c901ddc70>).
W0615 13:09:12.800190 140110035396416 base.py:324] Inconsistent references when loading the checkpoint into this object graph. For example, in the saved checkpoint object, `model.layer.weight` and `model.layer_copy.weight` reference the same variable, while in the current object these are two different variables. The referenced variables are:(<deepray.layers.transformer.Transformer object at 0x7f6c305d0190> and <deepray.layers.transformer.Transformer object at 0x7f6c901ddc70>).
WARNING:tensorflow:Inconsistent references when loading the checkpoint into this object graph. For example, in the saved checkpoint object, `model.layer.weight` and `model.layer_copy.weight` reference the same variable, while in the current object these are two different variables. The referenced variables are:(<deepray.layers.transformer.Transformer object at 0x7fe4a8595c40> and <deepray.layers.transformer.Transformer object at 0x7fe500033310>).
W0615 13:09:12.805644 140627418781504 base.py:324] Inconsistent references when loading the checkpoint into this object graph. For example, in the saved checkpoint object, `model.layer.weight` and `model.layer_copy.weight` reference the same variable, while in the current object these are two different variables. The referenced variables are:(<deepray.layers.transformer.Transformer object at 0x7fe4a8595c40> and <deepray.layers.transformer.Transformer object at 0x7fe500033310>).
WARNING:tensorflow:Inconsistent references when loading the checkpoint into this object graph. For example, in the saved checkpoint object, `model.layer.weight` and `model.layer_copy.weight` reference the same variable, while in the current object these are two different variables. The referenced variables are:(<deepray.layers.transformer.Transformer object at 0x7f6c90197910> and <deepray.layers.transformer.Transformer object at 0x7f6c305d0190>).
W0615 13:09:12.808236 140110035396416 base.py:324] Inconsistent references when loading the checkpoint into this object graph. For example, in the saved checkpoint object, `model.layer.weight` and `model.layer_copy.weight` reference the same variable, while in the current object these are two different variables. The referenced variables are:(<deepray.layers.transformer.Transformer object at 0x7f6c90197910> and <deepray.layers.transformer.Transformer object at 0x7f6c305d0190>).
WARNING:tensorflow:Inconsistent references when loading the checkpoint into this object graph. For example, in the saved checkpoint object, `model.layer.weight` and `model.layer_copy.weight` reference the same variable, while in the current object these are two different variables. The referenced variables are:(<deepray.layers.transformer.Transformer object at 0x7fe5025b3b80> and <deepray.layers.transformer.Transformer object at 0x7fe4a8595c40>).
W0615 13:09:12.813799 140627418781504 base.py:324] Inconsistent references when loading the checkpoint into this object graph. For example, in the saved checkpoint object, `model.layer.weight` and `model.layer_copy.weight` reference the same variable, while in the current object these are two different variables. The referenced variables are:(<deepray.layers.transformer.Transformer object at 0x7fe5025b3b80> and <deepray.layers.transformer.Transformer object at 0x7fe4a8595c40>).
WARNING:tensorflow:Inconsistent references when loading the checkpoint into this object graph. For example, in the saved checkpoint object, `model.layer.weight` and `model.layer_copy.weight` reference the same variable, while in the current object these are two different variables. The referenced variables are:(<deepray.layers.transformer.Transformer object at 0x7f6c3066f6d0> and <deepray.layers.transformer.Transformer object at 0x7f6c90197910>).
W0615 13:09:12.816220 140110035396416 base.py:324] Inconsistent references when loading the checkpoint into this object graph. For example, in the saved checkpoint object, `model.layer.weight` and `model.layer_copy.weight` reference the same variable, while in the current object these are two different variables. The referenced variables are:(<deepray.layers.transformer.Transformer object at 0x7f6c3066f6d0> and <deepray.layers.transformer.Transformer object at 0x7f6c90197910>).
WARNING:tensorflow:Inconsistent references when loading the checkpoint into this object graph. For example, in the saved checkpoint object, `model.layer.weight` and `model.layer_copy.weight` reference the same variable, while in the current object these are two different variables. The referenced variables are:(<deepray.layers.transformer.Transformer object at 0x7fe4a852e550> and <deepray.layers.transformer.Transformer object at 0x7fe5025b3b80>).
W0615 13:09:12.821713 140627418781504 base.py:324] Inconsistent references when loading the checkpoint into this object graph. For example, in the saved checkpoint object, `model.layer.weight` and `model.layer_copy.weight` reference the same variable, while in the current object these are two different variables. The referenced variables are:(<deepray.layers.transformer.Transformer object at 0x7fe4a852e550> and <deepray.layers.transformer.Transformer object at 0x7fe5025b3b80>).
WARNING:tensorflow:Inconsistent references when loading the checkpoint into this object graph. For example, in the saved checkpoint object, `model.layer.weight` and `model.layer_copy.weight` reference the same variable, while in the current object these are two different variables. The referenced variables are:(<deepray.layers.transformer.Transformer object at 0x7f6c305e2b80> and <deepray.layers.transformer.Transformer object at 0x7f6c3066f6d0>).
W0615 13:09:12.824285 140110035396416 base.py:324] Inconsistent references when loading the checkpoint into this object graph. For example, in the saved checkpoint object, `model.layer.weight` and `model.layer_copy.weight` reference the same variable, while in the current object these are two different variables. The referenced variables are:(<deepray.layers.transformer.Transformer object at 0x7f6c305e2b80> and <deepray.layers.transformer.Transformer object at 0x7f6c3066f6d0>).
WARNING:tensorflow:Inconsistent references when loading the checkpoint into this object graph. For example, in the saved checkpoint object, `model.layer.weight` and `model.layer_copy.weight` reference the same variable, while in the current object these are two different variables. The referenced variables are:(<deepray.layers.transformer.Transformer object at 0x7fe4a8516490> and <deepray.layers.transformer.Transformer object at 0x7fe4a852e550>).
W0615 13:09:12.829439 140627418781504 base.py:324] Inconsistent references when loading the checkpoint into this object graph. For example, in the saved checkpoint object, `model.layer.weight` and `model.layer_copy.weight` reference the same variable, while in the current object these are two different variables. The referenced variables are:(<deepray.layers.transformer.Transformer object at 0x7fe4a8516490> and <deepray.layers.transformer.Transformer object at 0x7fe4a852e550>).
WARNING:tensorflow:Inconsistent references when loading the checkpoint into this object graph. For example, in the saved checkpoint object, `model.layer.weight` and `model.layer_copy.weight` reference the same variable, while in the current object these are two different variables. The referenced variables are:(<deepray.layers.transformer.Transformer object at 0x7f6c30604c40> and <deepray.layers.transformer.Transformer object at 0x7f6c305e2b80>).
W0615 13:09:12.831992 140110035396416 base.py:324] Inconsistent references when loading the checkpoint into this object graph. For example, in the saved checkpoint object, `model.layer.weight` and `model.layer_copy.weight` reference the same variable, while in the current object these are two different variables. The referenced variables are:(<deepray.layers.transformer.Transformer object at 0x7f6c30604c40> and <deepray.layers.transformer.Transformer object at 0x7f6c305e2b80>).
WARNING:tensorflow:Inconsistent references when loading the checkpoint into this object graph. For example, in the saved checkpoint object, `model.layer.weight` and `model.layer_copy.weight` reference the same variable, while in the current object these are two different variables. The referenced variables are:(<deepray.layers.transformer.Transformer object at 0x7fe5000fa6a0> and <deepray.layers.transformer.Transformer object at 0x7fe4a8516490>).
W0615 13:09:12.837347 140627418781504 base.py:324] Inconsistent references when loading the checkpoint into this object graph. For example, in the saved checkpoint object, `model.layer.weight` and `model.layer_copy.weight` reference the same variable, while in the current object these are two different variables. The referenced variables are:(<deepray.layers.transformer.Transformer object at 0x7fe5000fa6a0> and <deepray.layers.transformer.Transformer object at 0x7fe4a8516490>).
WARNING:tensorflow:Inconsistent references when loading the checkpoint into this object graph. For example, in the saved checkpoint object, `model.layer.weight` and `model.layer_copy.weight` reference the same variable, while in the current object these are two different variables. The referenced variables are:(<keras.layers.core.dense.Dense object at 0x7f6c30563400> and <keras.layers.core.lambda_layer.Lambda object at 0x7f6c90170b80>).
W0615 13:09:12.843604 140110035396416 base.py:324] Inconsistent references when loading the checkpoint into this object graph. For example, in the saved checkpoint object, `model.layer.weight` and `model.layer_copy.weight` reference the same variable, while in the current object these are two different variables. The referenced variables are:(<keras.layers.core.dense.Dense object at 0x7f6c30563400> and <keras.layers.core.lambda_layer.Lambda object at 0x7f6c90170b80>).
WARNING:tensorflow:Inconsistent references when loading the checkpoint into this object graph. For example, in the saved checkpoint object, `model.layer.weight` and `model.layer_copy.weight` reference the same variable, while in the current object these are two different variables. The referenced variables are:(<deepray.layers.transformer.Transformer object at 0x7fe4a859c970> and <deepray.layers.transformer.Transformer object at 0x7fe5000fa6a0>).
W0615 13:09:12.844978 140627418781504 base.py:324] Inconsistent references when loading the checkpoint into this object graph. For example, in the saved checkpoint object, `model.layer.weight` and `model.layer_copy.weight` reference the same variable, while in the current object these are two different variables. The referenced variables are:(<deepray.layers.transformer.Transformer object at 0x7fe4a859c970> and <deepray.layers.transformer.Transformer object at 0x7fe5000fa6a0>).
WARNING:tensorflow:Inconsistent references when loading the checkpoint into this object graph. For example, in the saved checkpoint object, `model.layer.weight` and `model.layer_copy.weight` reference the same variable, while in the current object these are two different variables. The referenced variables are:(<deepray.layers.transformer.Transformer object at 0x7fe4a8541ee0> and <deepray.layers.transformer.Transformer object at 0x7fe4a859c970>).
W0615 13:09:12.852920 140627418781504 base.py:324] Inconsistent references when loading the checkpoint into this object graph. For example, in the saved checkpoint object, `model.layer.weight` and `model.layer_copy.weight` reference the same variable, while in the current object these are two different variables. The referenced variables are:(<deepray.layers.transformer.Transformer object at 0x7fe4a8541ee0> and <deepray.layers.transformer.Transformer object at 0x7fe4a859c970>).
WARNING:tensorflow:Inconsistent references when loading the checkpoint into this object graph. For example, in the saved checkpoint object, `model.layer.weight` and `model.layer_copy.weight` reference the same variable, while in the current object these are two different variables. The referenced variables are:(<deepray.layers.transformer.Transformer object at 0x7fe5000cd730> and <deepray.layers.transformer.Transformer object at 0x7fe4a8541ee0>).
W0615 13:09:12.859971 140627418781504 base.py:324] Inconsistent references when loading the checkpoint into this object graph. For example, in the saved checkpoint object, `model.layer.weight` and `model.layer_copy.weight` reference the same variable, while in the current object these are two different variables. The referenced variables are:(<deepray.layers.transformer.Transformer object at 0x7fe5000cd730> and <deepray.layers.transformer.Transformer object at 0x7fe4a8541ee0>).
WARNING:tensorflow:Inconsistent references when loading the checkpoint into this object graph. For example, in the saved checkpoint object, `model.layer.weight` and `model.layer_copy.weight` reference the same variable, while in the current object these are two different variables. The referenced variables are:(<deepray.layers.transformer.Transformer object at 0x7fe4a8563190> and <deepray.layers.transformer.Transformer object at 0x7fe5000cd730>).
W0615 13:09:12.867340 140627418781504 base.py:324] Inconsistent references when loading the checkpoint into this object graph. For example, in the saved checkpoint object, `model.layer.weight` and `model.layer_copy.weight` reference the same variable, while in the current object these are two different variables. The referenced variables are:(<deepray.layers.transformer.Transformer object at 0x7fe4a8563190> and <deepray.layers.transformer.Transformer object at 0x7fe5000cd730>).
I0615 13:09:12.870811 140041562986304 feature_map.py:34] File not exists: /workspaces/Deepray2/business/data/feature_map.csv
WARNING:tensorflow:Inconsistent references when loading the checkpoint into this object graph. For example, in the saved checkpoint object, `model.layer.weight` and `model.layer_copy.weight` reference the same variable, while in the current object these are two different variables. The referenced variables are:(<keras.layers.core.dense.Dense object at 0x7fe4a85fd2b0> and <keras.layers.core.lambda_layer.Lambda object at 0x7fe5000b2460>).
W0615 13:09:12.878926 140627418781504 base.py:324] Inconsistent references when loading the checkpoint into this object graph. For example, in the saved checkpoint object, `model.layer.weight` and `model.layer_copy.weight` reference the same variable, while in the current object these are two different variables. The referenced variables are:(<keras.layers.core.dense.Dense object at 0x7fe4a85fd2b0> and <keras.layers.core.lambda_layer.Lambda object at 0x7fe5000b2460>).
I0615 13:09:12.902342 140468358596416 distribution_utils.py:137] Run horovod and turn off distribution strategy.
decayed_learning_rate_at_crossover_point = 1.890000e-04, adjusted_init_lr = 2.116402e-04
I0615 13:09:12.911949 140468358596416 base_trainer.py:331] Checkpoint file /workspaces/bert_tf2/data/download/google_pretrained_weights/uncased_L-12_H-768_A-12/bert_model.ckpt found and restoring from initial checkpoint for core model.
WARNING:tensorflow:Inconsistent references when loading the checkpoint into this object graph. For example, in the saved checkpoint object, `model.layer.weight` and `model.layer_copy.weight` reference the same variable, while in the current object these are two different variables. The referenced variables are:(<deepray.layers.transformer.Transformer object at 0x7fbf782e13a0> and <deepray.layers.self_attention_mask.SelfAttentionMask object at 0x7fbf782a9f40>).
W0615 13:09:12.979595 140468358596416 base.py:324] Inconsistent references when loading the checkpoint into this object graph. For example, in the saved checkpoint object, `model.layer.weight` and `model.layer_copy.weight` reference the same variable, while in the current object these are two different variables. The referenced variables are:(<deepray.layers.transformer.Transformer object at 0x7fbf782e13a0> and <deepray.layers.self_attention_mask.SelfAttentionMask object at 0x7fbf782a9f40>).
WARNING:tensorflow:Inconsistent references when loading the checkpoint into this object graph. For example, in the saved checkpoint object, `model.layer.weight` and `model.layer_copy.weight` reference the same variable, while in the current object these are two different variables. The referenced variables are:(<deepray.layers.transformer.Transformer object at 0x7fbf782e14c0> and <deepray.layers.transformer.Transformer object at 0x7fbf782e13a0>).
W0615 13:09:12.987544 140468358596416 base.py:324] Inconsistent references when loading the checkpoint into this object graph. For example, in the saved checkpoint object, `model.layer.weight` and `model.layer_copy.weight` reference the same variable, while in the current object these are two different variables. The referenced variables are:(<deepray.layers.transformer.Transformer object at 0x7fbf782e14c0> and <deepray.layers.transformer.Transformer object at 0x7fbf782e13a0>).
WARNING:tensorflow:Inconsistent references when loading the checkpoint into this object graph. For example, in the saved checkpoint object, `model.layer.weight` and `model.layer_copy.weight` reference the same variable, while in the current object these are two different variables. The referenced variables are:(<deepray.layers.transformer.Transformer object at 0x7fbf7833c7f0> and <deepray.layers.transformer.Transformer object at 0x7fbf782e14c0>).
W0615 13:09:12.995379 140468358596416 base.py:324] Inconsistent references when loading the checkpoint into this object graph. For example, in the saved checkpoint object, `model.layer.weight` and `model.layer_copy.weight` reference the same variable, while in the current object these are two different variables. The referenced variables are:(<deepray.layers.transformer.Transformer object at 0x7fbf7833c7f0> and <deepray.layers.transformer.Transformer object at 0x7fbf782e14c0>).
WARNING:tensorflow:Inconsistent references when loading the checkpoint into this object graph. For example, in the saved checkpoint object, `model.layer.weight` and `model.layer_copy.weight` reference the same variable, while in the current object these are two different variables. The referenced variables are:(<deepray.layers.transformer.Transformer object at 0x7fbf78335610> and <deepray.layers.transformer.Transformer object at 0x7fbf7833c7f0>).
W0615 13:09:13.003179 140468358596416 base.py:324] Inconsistent references when loading the checkpoint into this object graph. For example, in the saved checkpoint object, `model.layer.weight` and `model.layer_copy.weight` reference the same variable, while in the current object these are two different variables. The referenced variables are:(<deepray.layers.transformer.Transformer object at 0x7fbf78335610> and <deepray.layers.transformer.Transformer object at 0x7fbf7833c7f0>).
WARNING:tensorflow:Inconsistent references when loading the checkpoint into this object graph. For example, in the saved checkpoint object, `model.layer.weight` and `model.layer_copy.weight` reference the same variable, while in the current object these are two different variables. The referenced variables are:(<deepray.layers.transformer.Transformer object at 0x7fbf782a0520> and <deepray.layers.transformer.Transformer object at 0x7fbf78335610>).
W0615 13:09:13.010958 140468358596416 base.py:324] Inconsistent references when loading the checkpoint into this object graph. For example, in the saved checkpoint object, `model.layer.weight` and `model.layer_copy.weight` reference the same variable, while in the current object these are two different variables. The referenced variables are:(<deepray.layers.transformer.Transformer object at 0x7fbf782a0520> and <deepray.layers.transformer.Transformer object at 0x7fbf78335610>).
WARNING:tensorflow:Inconsistent references when loading the checkpoint into this object graph. For example, in the saved checkpoint object, `model.layer.weight` and `model.layer_copy.weight` reference the same variable, while in the current object these are two different variables. The referenced variables are:(<deepray.layers.transformer.Transformer object at 0x7fbf782e8970> and <deepray.layers.transformer.Transformer object at 0x7fbf782a0520>).
W0615 13:09:13.018725 140468358596416 base.py:324] Inconsistent references when loading the checkpoint into this object graph. For example, in the saved checkpoint object, `model.layer.weight` and `model.layer_copy.weight` reference the same variable, while in the current object these are two different variables. The referenced variables are:(<deepray.layers.transformer.Transformer object at 0x7fbf782e8970> and <deepray.layers.transformer.Transformer object at 0x7fbf782a0520>).
WARNING:tensorflow:Inconsistent references when loading the checkpoint into this object graph. For example, in the saved checkpoint object, `model.layer.weight` and `model.layer_copy.weight` reference the same variable, while in the current object these are two different variables. The referenced variables are:(<deepray.layers.transformer.Transformer object at 0x7fbf78207af0> and <deepray.layers.transformer.Transformer object at 0x7fbf782e8970>).
